text 1
text 2
text 3
text 11
up to how many Fibonacci numbers? > the 0th Fibonacci number is 0
> the 1th Fibonacci number is 1
> the 2th Fibonacci number is 1
> the 3th Fibonacci number is 2
> the 4th Fibonacci number is 3
> the 5th Fibonacci number is 5
> the 6th Fibonacci number is 8
> the 7th Fibonacci number is 13
> the 8th Fibonacci number is 21
> the 9th Fibonacci number is 34
> the 10th Fibonacci number is 55
> the 11th Fibonacci number is 89
> the 12th Fibonacci number is 144
> the 13th Fibonacci number is 233
> the 14th Fibonacci number is 377
> the 15th Fibonacci number is 610
> the 16th Fibonacci number is 987
> the 17th Fibonacci number is 1597
> the 18th Fibonacci number is 2584
> the 19th Fibonacci number is 4181
> the 20th Fibonacci number is 6765
text 4

